// Jest Snapshot v1, https://goo.gl/fbAQLP

exports[`<Main/> should snapshot 1`] = `null`;
